// Jest Snapshot v1, https://goo.gl/fbAQLP

exports[`App snapshot renders 1`] = `
<div>
  <span>
    Pinaki
  </span>
  <div>
    <div>
      Sarada
    </div>
  </div>
</div>
`;
